../Core/Src/main.c:96:6:HAL_TIM_CaptureCallback	16	static
../Core/Src/main.c:106:13:ADC1_Select_CH4	24	static
../Core/Src/main.c:117:13:ADC1_Select_CH9	24	static
../Core/Src/main.c:128:13:ADC1_Select_CH5	24	static
../Core/Src/main.c:139:13:ADC1_Select_CH8	24	static
../Core/Src/main.c:150:10:measure_dist	32	static
../Core/Src/main.c:209:10:pollAverage	56	static
../Core/Src/main.c:250:5:main	8	static
../Core/Src/main.c:345:6:SystemClock_Config	88	static
../Core/Src/main.c:388:13:MX_ADC1_Init	24	static
../Core/Src/main.c:432:13:MX_TIM2_Init	64	static
../Core/Src/main.c:491:13:MX_TIM3_Init	56	static
../Core/Src/main.c:538:13:MX_TIM4_Init	56	static
../Core/Src/main.c:585:13:MX_GPIO_Init	40	static
../Core/Src/main.c:631:6:Error_Handler	4	static,ignoring_inline_asm
